MPLINK 4.49, Linker
Linker Map File - Created Tue Jul 24 16:48:35 2018

                                 Section Info
                  Section       Type    Address   Location Size(Bytes)
                ---------  ---------  ---------  ---------  ---------
                   .org_0       code   0x000000    program   0x000000
                   .org_1       code   0x000000    program   0x00007a



                              Program Memory Usage 
                               Start         End      
                           ---------   ---------      
                            0x000000    0x00003c      
            61 out of 8454 program addresses used, program memory utilization is 0%



                              Symbols - Sorted by Name
                     Name    Address   Location    Storage File                     
                ---------  ---------  ---------  --------- ---------                
                     AYAR   0x000001    program     static C:\Micro\odev_2\emoji.asm
                    DONGU   0x000007    program     static C:\Micro\odev_2\emoji.asm
                    GECIK   0x000038    program     static C:\Micro\odev_2\emoji.asm
                  GECIKME   0x000031    program     static C:\Micro\odev_2\emoji.asm
                     MAIN   0x000007    program     static C:\Micro\odev_2\emoji.asm
                   TEKRAR   0x000036    program     static C:\Micro\odev_2\emoji.asm



                              Symbols - Sorted by Address
                     Name    Address   Location    Storage File                     
                ---------  ---------  ---------  --------- ---------                
                     AYAR   0x000001    program     static C:\Micro\odev_2\emoji.asm
                    DONGU   0x000007    program     static C:\Micro\odev_2\emoji.asm
                     MAIN   0x000007    program     static C:\Micro\odev_2\emoji.asm
                  GECIKME   0x000031    program     static C:\Micro\odev_2\emoji.asm
                   TEKRAR   0x000036    program     static C:\Micro\odev_2\emoji.asm
                    GECIK   0x000038    program     static C:\Micro\odev_2\emoji.asm


